track name=test/jabba-test.out
##maf version=1
# tba.v8

a
s reference 88923 3795 + 230218 -AATGTGTAACAATTCAGGTCCATTAGTAATTCTAGAAGATCAGGATTTCCTGATTCTCTACGAATTACATTGACTAGCTTCGGTTTTACTTGTTGTCCTGCGATTCCCAAACCTTTCACTTTATCATTC-TTATTAGCAGAATATGTGGTGGTGAAATCTTGTGCTATTACGTTTTCAATAAACGCTAGTTCTTGCTTCATTGATTTGACTTCATCACTTAATCTTGAAGGTTTGTTACCTTTTATAGCAGCCAAACTTTGCATATGTGACTGTATTAAAGAAGA-TTGCTTCTTTTTTCTCTCCTTCAAGGCATTCTTCTTGTTTAAAGTATTCATGATTTCAACTTGTAACGTCTTCAGCTTGGAAATCTTATCATTATAACCATTTACTATCGTTTCGTACTCTTGCCTTTGCTTAGATGGAATATTTG-ACAAATCTCCCTGCAACAACTGTGTTAATCTTGTATATGAGTCATTTAACATCTCTAGATTCAAAATGAAAGAGTTCTTAAATTCGATAGCTTCCTCCAGTAATCCAATCCCGTAACTAGCCCTAATATTCCGTTCTTCAACTTCTTTTTGCAGAACTATATACCTTCGTCTAGCTAACTGCATTCTCATGGCGCTTTGTACAAGAATGGAGCTCCTTTTCAATGTTCTGTAATCTGTTTTGTGACCATATGATCTGATGTAGCTTTGGATAATTACTGCCGCCATGAGCATGAATTTCCTGTTAACACTATCTAAAATCAATTTTCTTTTACAGGTACATTGTAGTTTTATTATTTGCCCAATGGCAGCTCTATAGTATTCCCGTTTCCATAATGCTCTAATGTTCGTTTGTAGTAATATGGCAGCTCTTGTCTTGAGCTCATGATCGACCCTTGTACGAACCAACAAACTTCTAATTTGGCTTTGGCACTTCTTTATTGATTCCATGGTCTGCAAATACTGAAGCCTATAGTATCTTGCCCTTATCTTTTTCTGTAT-TATGATGCATATTTCATTCATTTTATTAGTCCTTAGCTTTTCCAAAAATGCAAGCATTCCTGCTTTAAAGAAAATTTTGGTATTACCAATTTGGTATTTTGCTGAATCAGAGATAGTAGCATCTAGAATAGATTGACAGAAGTTGACGATTGCCTCTTTTGGGAGGTC-TGGA--TTATAAAGAATTCCACTCCATAAGCTGTAGTCCGTCAGGAGGAAATATCTTTGAACGA-ATTCGTCAAAAGTCCATCTTGATGGAAAGCCTGCAC-ATGAAATCCTGATTGTTTCCAGCACACCACAAGCTCTTAATTGCGATAAGACCATCAAATTATCGAACTCCCATGGCTTTTTTTCAGAATTTGGTTTTATGCAACGA-ATATAATGAACATTAGTAGAATTTATGATGGCCATCAATTCCCCGAGCGATTTTTTGAACATAGATCCCAGGGTTGGTTTCTTTTGACTTAATCTTGCTGGGATCATTATCTTTTTTTCAGTATTTTGCTCTTCAGGAGCATCGTCACTCCTA-AGTTCTCTGTTGTCTAAAA-TTTGTTTGAAAATTGGATTTGTCGTTGCTTTGAAAACATCCAGATGACCTAGGGAAACGCTGTCTCTATTCTTTTCAATAAACCCTTCAACTTCATATTCTACATCAACAGCATAATGGCTTACTATAAACTTCGTTTGTCCGAATCTTGGCTTCGAAAAAACTTCATTTGAGGGCGGTTTATTAAAGGCAGAATATAGTTTTGAGGCCCATGATTCATCTGAGCCTGATGGTAATCTACTTTCTTCATCTAATAGAGAAAGTATTCCAAGTTTATTCT-CAATCAAGTCTATGCAAGGTTGGTTGTCGCTGAACTCAATGAAAGACCACTCAATTTCCTCCTTTACATATTCTTCTTGCTCCAATTTGAAAACGTGCTGGTTGAACTCTTGTTGTAATTTTTCATTCGCATAGTTTATACAGAATTGTTCGAATGAGTTTTTCTCAAAATGCTCAAACCCGTAGATATCTAAAATACCAATAAAGGAAAAGACATGATCTTGTTGATCCAGCTCAGGATCGTATAATGTCTTGTTAATGTTGTCTACTAGCCAATCAAAAAGCGTGGAATAAATAAATTTCGCCACAGAGTCCCTAGCAATTAGCGCTTGATTGTAATTCAAATTAGTGACAATTTTTTCAGACCTTGTGACGATTTGTTTCTTGACAATCCATTTTGCAAAATTGAAGGGATCAATACCCAATAATTCACATGCGATTTGCAGGTTTTGCTCTTCCGATGATAGTGATGCGTCGTTTCTAGTCATTTTCATCTCGATATTACCTATATGTAGCAA-GCCTGCAAGAATTTTGAAAATTCCAAGCTGAGTCTCGTGGTTTATACCTACTAATGACAGGGCA-TCAGTGGTTATCTTGTATTCTCGAGCTTCATCTATACCAGCTATGTTCGGCTGTCCACCTTGGTTAGTATAATGGTAGTCCTTGGGAGATGACAAATGCAGTTCTTGTTTTACCGGTTC-TGGCAATCCTTCCAAAATTTGGTAAAAAATATGGTAATTTCTTTCTGTCTCTGGCTGATAAACTAACCTGGATTTTTCCAAGAGATAGGTTCTAATTTTGGACCCCCTGATGGTAGTATTCTCATCAAATAAAATTTGCAGATATTTGCCGAAACGAGAGGAATTATCATTTCTGGTAGTTTTGGCGTTACCAAAGGCTTCCATGATCGGGTTAGTAGCTAAAATTTGGCTCTCGATTTGAGACATTTCCACTTCCCCTTCACGATTGTTGCTTTCTTGGACTGAGGCAAAGTATCTCATAATGTATTTAGCAGAGACGGTCTTACCAGCACCGGATTCACCACTGACTACAACAGTCTGGTTAGCCTTTTCATGGACCATGAACCTGTACGCCTCCTCTGCTATGGCAAAAAGGTGCGGCTCCAGCTCATCTTTACGCTTACTAGAATAATTCTGTATCATCTCGCGAGAGTACAAATGGTCGACTTTATCAAAGGGATTAGCGGCAATAAGGACAATACCAGAGTAAGTATATATCTGTCCATTCATGTATCTTTTTTTTATGGCATGCAGCACTGCCGGTTCGTTCAGATATGATAGGGTGGTTAAGTCATCAGTAGACTCTAAAATAGGTGGGTTTCGTAGTACAGGTAGCGTGGGATGATCATCATCATTTTCGAAGCTATTTGTTTCAATGGATACAGTTTCTCCATCCTCCAATTTCAACTCTAAGTGGAACGTTCCTTCAAAGAAGTCATTCTTGGTGACTTCGCCGCCTATCCAGCCTTGTTCTTTGTGAGGGTACCAACACTTAGTTCCTACTTCAAATGACATGCGGGAGAACTGGTTATAGGATTTTTTTTGTTTTTTTGTGTTTTAGAATTAGATTGAATTATAAAAAGAAGAACAAAAGGGTATCGTATTGAAAATAAATTGTCTCGCCAAACTGGTAACAATGTTTTCAGCTAGAACAATAAGAAAAGAAGAGAAGGTAAAAAAAAAGGTGATAACTCCGTAGGAATTGAGGAATTGAGTATGCAGAATCAGAATAAAGGCTGACTTTCAAAAAAAGGTTGTATTACAATTGCAGGTTTTCGATAAAAGAGACCCTATTCTCATCTACTACTGCTAAACTTCGAGATATTTTCGAATTTTTCAG-TCTTTTCTTTTTTTTTTTTCGCATTAGTTCAGAACCCTAAAGAATGGTAAACATTCTATGGATAACCCGGAGAGTGAGTTTCTTAAAGACCTAGTTTTATTTTAAGGGTTTTAACTCAATCTT------------------------------------------------------------------------------------------------------------------------------------------------------------------------------------------------------------------------------------------------------------------------------------------------------------------------------------------------------------------------------------------------------------------------------------------------------------------------------------------------------------------------------------------------------------------------------------------------------------------------------------------------------------------------------------------------------------------------------------------------------------------------------------------------------------------------------------------------------------------------------------------------------------------------------------------------------------------------------------------------------------------------------------------------------------------------------------------------------------------------------------------------------------------------------------------------------------------------
s 1.uncorrected 0 3809 + 3809 -AATGTGTAACAATTCAGGTCCATTA-TAATTCTAGAAGATCAGGATTTCCTGATTCTCTACGAATTACATTGACTAGCTTCGGTTTTACTTGTTGTCCTGCGATTCCCAAACCTTTCACTTTATCATTCGTTATTAGCAGAATATGTGGTGGTGAAATCTTGTGCTATTACGTTTTCAATAAACGCTAGTTCTTGCTTCATTGATTTGACTTCATCACTTAATCTTGAAGGTTTGTTACCTTTTATAGCAGCCAAACTTTGCATATGTGACTGTATTAAAGAAGAGTTGCTTCTTTTTTCTCTCCTTCAAGGCATTCTTCTTGTTTAAAGTATTCATGATTTCAACTTGTAACGTCTTCAGCTTGGAAATCTTATCATTATAACCATTTACTATCGTTTCGTACTCTTGCCTTTGCTTAGATGGAATATTTGAACAAATCTCCCTGCAACAACTGTGTTAATCTTGTATATGAGTCATTTAACATCTCTAGATTCAAAATGAAAGAGTTCTTAAATTCGATAGCTTCCTCCAGTAATCCAATCCCGTAACTAGCCCTAATATTCCGTTCTTCAACTTCTTTTTGCAGAACTATATACCTTCGTCTAGCTAACTGCATTCTCATGGCGCTTTGTACAAGAATGGAGCTCCTTTTCAATGTTCTGTAATCTGTTTTGTGACCATATGATCTGATGTAGCTTTGGATAATTACTGCCGCCATGAGCATGAATTTCCTGTTAACACTATCTAAAATCAATTTTCTTTTACAGGTACATTGTAGTTTTATTATTTGCCCAATGGCAGCTCTATAGTATTCCCGTTTCCATAATGCTCTAATGTTCGTTTGTAGTAATATGGCAGCTCTTGTCTTGAGCTCATGATCGACCCTTGTACGAACCAACAAACTTCTAATTTGGCTTTGGCACTTCTTTATTGATTCCATGGTCTGCAAATACTGAAGCCTATAGTATCTTGCCCTTATCTTTTTCTGTATCTATGATGCATATTTCATTCATTTTATTAGTCCTTAGCTTTTCCAAAAATGCAAGCATTCCTGCTTTAAAGAAAATTTTGGTATTACCAATTTGGTATTTTGCTGAATCAGAGATAGTAGCATCTAGAATAGATTGACAGAAGTTGACGATTGCCTCTTTTGGGAGGTC-TGGAC-TTATAAAGAATTCCACTCCATAAGCTGTAGTCCGTCAGGAGGAAATATCTTTGAACGATATTCGTCAAAAGTCCATCTTGATGGAAAGCCTGCACAATGAAATCCTGATTGTTTCCAGCACACCACAAGCTCTTAATTGCGATAAGACCATCAAATTATCGAACTCCCATGGCTTTTTTTCAGAATTTGGTTTTATGCAACGAGATATAATGAACATTAGTAGAATTTATGATGGCCATCAATTCCCCGAGCGATTTTTTGAACATAGATCCCAGGGTTGGTTTCTTTTGACTTAATCTTGCTGGGATCATTATCTTTTTTTCAGTATTTTGCTCTTCAGGAGCATCGTCACTCCTAGAGTTCTCTGTTGTCTAAAACTTTGTTTGAAAATTGGATTTGTCGTTGCTTTGAAAACATCCAGATGACCTAGGGAAACGCTGTCTCTATTCTTTTCAATAAACCCTTCAACTTCATATTCTACATCAACAGCATAATGGCTTACTATAAACTTCGTTTGTCCGAATCTTGGCTTCGAAAAAACTTCATTTGAGGGCGGTTTATTAAAGGCAGAATATAGTTTTGAGGCCCATGATTCATCTGAGCCTGATGGTAATCTACTTTCTTCATCTAATAGAGAAAGTATTCCAAGTTTATTCTACAATCAAGTCTATGCAAGGTTGGTTGTCGCTGAACTCAATGAAAGACCACTCAATTTCCTCCTTTACATATTCTTCTTGCTCCAATTTGAAAACGTGCTGGTTGAACTCTTGTTGTAATTTTTCATTCGCATAGTTTATACAGAATTGTTCGAATGAGTTTTTCTCAAAATGCTCAAACCCGTAGATATCTAAAATACCAATAAAGGAAAAGACATGATCTTGTTGATCCAGCTCAGGATCGTATAATGTCTTGTTAATGTTGTCTACTAGCCAATCAAAAAGCGTGGAATAAATAAATTTCGCCACAGAGTCCCTAGCAATTAGCGCTTGATTGTAATTCAAATTAGTGACAATTTTTTCAGACCTTGTGACGATTTGTTTCTTGACAATCCATTTTGCAAAATTGAAGGGATCAATACCCAATAATTCACATGCGATTTGCAGGTTTTGCTCTTCCGATGATAGTGATGCGTCGTTTCTAGTCATTTTCATCTCGATATTACCTATATGTAGCAAAGCCTGCAAGAATTTTGAAAATTCCAAGCTGAGTCTCGTGGTTTATACCTACTAATGACAGGGCATTCAGTGGTTATCTTGTATTCTCGAGCTTCATCTATACCAGCTATGTTCGGCTGTCCACCTTGGTTAGTATAATGGTAGTCCTTGGGAGATGACAAATGCAGTTCTTGTTTTACCGGTTCGTGGCAATCCTTCCAAAATTTGGTAAAAAATATGGTAATTTCTTTCTGTCTCTGGCTGATAAACTAACCTGGATTTTTCCAAGAGATAGGTTCTAATTTTGGACCCCCTGATGGTAGTATTCTCATCAAATAAAATTTGCAGATATTTGCCGAAACGAGAGGAATTATCATTTCTGGTAGTTTTGGCGTTACCAAAGGCTTCCATGATCGGGTTAGTAGCTAAAATTTGGCTCTCGATTTGAGACATTTCCACTTCCCCTTCACGATTGTTGCTTTCTTGGACTGAGGCAAAGTATCTCATAATGTATTTAGCAGAGACGGTCTTACCAGCACCGGATTCACCACTGACTACAACAGTCTGGTTAGCCTTTTCATGGACCATGAACCTGTACGCCTCCTCTGCTATGGCAAAAAGGTGCGGCTCCAGCTCATCTTTACGCTTACTAGAATAATTCTGTATCATCTCGCGAGAGTACAAATGGTCGACTTTATCAAAGGGATTAGCGGCAATAAGGACAATACCAGAGTAAGTATATATCTGTCCATTCATGTATCTTTTTTTTATGGCATGCAGCACTGCCGGTTCGTTCAGATATGATAGGGTGGTTAAGTCATCAGTAGACTCTAAAATAGGTGGGTTTCGTAGTACAGGTAGCGTGGGATGATCATCATCATTTTCGAAGCTATTTGTTTCAATGGATACAGTTTCTCCATCCTCCAATTTCAACTCTAAGTGGAACGTTCCTTCAAAGAAGTCATTCTTGGTGACTTCGCCGCCTATCCAGCCTTGTTCTTTGTGAGGGTACCAACACTTAGTTCCTACTTCAAATGACATGCGGGAGAACTGGTTATAGGATTTTTTTTGTTTTTTTGTGTTTTAGAATTAGATTGAATTATAAAAAGAAGAACAAAAGGGTATCGTATTGAAAATAAATTGTCTCGCCAAACTGGTAACAATGTTTTCAGCTAGAACAATAAGAAAAGAAGAGAAGGTAAAAAAAAAGGTGATAACTCCGTAGGAATTGAGGAATTGAGTATGCAGAATCAGAATAAAGGCTGACTTTCAAAAAAAGGTTGTATTACAATTGCAGGTTTTCGATAAAAGAGACCCTATTCTCATCTACTACTGCTAAACTTCGAGATATTTTCGAATTTTTCAGTTCTTTTCTTTTTTTTTTTTCGCATTAGTTCAGAACCCTAAAGAATGGTAAACATTCTATGGATAACCCGGAGAGTGAGTTTCTTAAAGACCTAGTTTTATTTTAAGGGTTTTAACTCAATCTT------------------------------------------------------------------------------------------------------------------------------------------------------------------------------------------------------------------------------------------------------------------------------------------------------------------------------------------------------------------------------------------------------------------------------------------------------------------------------------------------------------------------------------------------------------------------------------------------------------------------------------------------------------------------------------------------------------------------------------------------------------------------------------------------------------------------------------------------------------------------------------------------------------------------------------------------------------------------------------------------------------------------------------------------------------------------------------------------------------------------------------------------------------------------------------------------------------------------
s 1.corrected 0 4970 + 4970 XAATGTGTAACAATTCAGGTCCATTAGTAATTCTAGAAGATCAGGATTTCCTGATTCTCTACGAATTACATTGACTAGCTTCGGTTTTACTTGTTGTCCTGCGATTCCCAAACCTTTCACTTTATCATTC-TTATTAGCAGAATATGTGGTGGTGAAATCTTGTGCTATTACGTTTTCAATAAACGCTAGTTCTTGCTTCATTGATTTGACTTCATCACTTAATCTTGAAGGTTTGTTACCTTTTATAGCAGCCAAACTTTGCATATGTGACTGTATTAAAGAAGA-TTGCTTCTTTTTTCTCTCCTTCAAGGCATTCTTCTTGTTTAAAGTATTCATGATTTCAACTTGTAACGTCTTCAGCTTGGAAATCTTATCATTATAACCATTTACTATCGTTTCGTACTCTTGCCTTTGCTTAGATGGAATATTTG-ACAAATCTCCCTGCAACAACTGTGTTAATCTTGTATATGAGTCATTTAACATCTCTAGATTCAAAATGAAAGAGTTCTTAAATTCGATAGCTTCCTCCAGTAATCCAATCCCGTAACTAGCCCTAATATTCCGTTCTTCAACTTCTTTTTGCAGAACTATATACCTTCGTCTAGCTAACTGCATTCTCATGGCGCTTTGTACAAGAATGGAGCTCCTTTTCAATGTTCTGTAATCTGTTTTGTGACCATATGATCTGATGTAGCTTTGGATAATTACTGCCGCCATGAGCATGAATTTCCTGTTAACACTATCTAAAATCAATTTTCTTTTACAGGTACATTGTAGTTTTATTATTTGCCCAATGGCAGCTCTATAGTATTCCCGTTTCCATAATGCTCTAATGTTCGTTTGTAGTAATATGGCAGCTCTTGTCTTGAGCTCATGATCGACCCTTGTACGAACCAACAAACTTCTAATTTGGCTTTGGCACTTCTTTATTGATTCCATGGTCTGCAAATACTGAAGCCTATAGTATCTTGCCCTTATCTTTTTCTGTAT-TATGATGCATATTTCATTCATTTTATTAGTCCTTAGCTTTTCCAAAAATGCAAGCATTCCTGCTTTAAAGAAAATTTTGGTATTACCAATTTGGTATTTTGCTGAATCAGAGATAGTAGCATCTAGAATAGATTGACAGAAGTTGACGATTGCCTCTTTTGGGAGGTCX-----XTTATAAAGAATTCCACTCCATAAGCTGTAGTCCGTCAGGAGGAAATATCTTTGAACGA-ATTCGTCAAAAGTCCATCTTGATGGAAAGCCTGCAC-ATGAAATCCTGATTGTTTCCAGCACACCACAAGCTCTTAATTGCGATAAGACCATCAAATTATCGAACTCCCATGGCTTTTTTTCAGAATTTGGTTTTATGCAACGA-ATATAATGAACATTAGTAGAATTTATGATGGCCATCAATTCCCCGAGCGATTTTTTGAACATAGATCCCAGGGTTGGTTTCTTTTGACTTAATCTTGCTGGGATCATTATCTTTTTTTCAGTATTTTGCTCTTCAGGAGCATCGTCACTCCTA-AGTTCTCTGTTGTCTAAAA-TTTGTTTGAAAATTGGATTTGTCGTTGCTTTGAAAACATCCAGATGACCTAGGGAAACGCTGTCTCTATTCTTTTCAATAAACCCTTCAACTTCATATTCTACATCAACAGCATAATGGCTTACTATAAACTTCGTTTGTCCGAATCTTGGCTTCGAAAAAACTTCATTTGAGGGCGGTTTATTAAAGGCAGAATATAGTTTTGAGGCCCATGATTCATCTGAGCCTGATGGTAATCTACTTTCTTCATCTAATAGAGAAAGTATTCCAAGTTTATTCT-CAATCAAGTCTATGCAAGGTTGGTTGTCGCTGAACTCAATGAAAGACCACTCAATTTCCTCCTTTACATATTCTTCTTGCTCCAATTTGAAAACGTGCTGGTTGAACTCTTGTTGTAATTTTTCATTCGCATAGTTTATACAGAATTGTTCGAATGAGTTTTTCTCAAAATGCTCAAACCCGTAGATATCTAAAATACCAATAAAGGAAAAGACATGATCTTGTTGATCCAGCTCAGGATCGTATAATGTCTTGTTAATGTTGTCTACTAGCCAATCAAAAAGCGTGGAATAAATAAATTTCGCCACAGAGTCCCTAGCAATTAGCGCTTGATTGTAATTCAAATTAGTGACAATTTTTTCAGACCTTGTGACGATTTGTTTCTTGACAATCCATTTTGCAAAATTGAAGGGATCAATACCCAATAATTCACATGCGATTTGCAGGTTTTGCTCTTCCGATGATAGTGATGCGTCGTTTCTAGTCATTTTCATCTCGATATTACCTATATGTAGCAA-GCCTGCAAGAATTTTGAAAATTCCAAGCTGAGTCTCGTGGTTTATACCTACTAATGACAGGGCA-TCAGTGGTTATCTTGTATTCTCGAGCTTCATCTATACCAGCTATGTTCGGCTGTCCACCTTGGTTAGTATAATGGTAGTCCTTGGGAGATGACAAATGCAGTTCTTGTTTTACCGGTTC-TGGCAATCCTTCCAAAATTTGGTAAAAAATATGGTAATTTCTTTCTGTCTCTGGCTGATAAACTAACCTGGATTTTTCCAAGAGATAGGTTCTAATTTTGGACCCCCTGATGGTAGTATTCTCATCAAATAAAATTTGCAGATATTTGCCGAAACGAGAGGAATTATCATTTCTGGTAGTTTTGGCGTTACCAAAGGCTTCCATGATCGGGTTAGTAGCTAAAATTTGGCTCTCGATTTGAGACATTTCCACTTCCCCTTCACGATTGTTGCTTTCTTGGACTGAGGCAAAGTATCTCATAATGTATTTAGCAGAGACGGTCTTACCAGCACCGGATTCACCACTGACTACAACAGTCTGGTTAGCCTTTTCATGGACCATGAACCTGTACGCCTCCTCTGCTATGGCAAAAAGGTGCGGCTCCAGCTCATCTTTACGCTTACTAGAATAATTCTGTATCATCTCGCGAGAGTACAAATGGTCGACTTTATCAAAGGGATTAGCGGCAATAAGGACAATACCAGAGTAAGTATATATCTGTCCATTCATGTATCTTTTTTTTATGGCATGCAGCACTGCCGGTTCGTTCAGATATGATAGGGTGGTTAAGTCATCAGTAGACTCTAAAATAGGTGGGTTTCGTAGTACAGGTAGCGTGGGATGATCATCATCATTTTCGAAGCTATTTGTTTCAATGGATACAGTTTCTCCATCCTCCAATTTCAACTCTAAGTGGAACGTTCCTTCAAAGAAGTCATTCTTGGTGACTTCGCCGCCTATCCAGCCTTGTTCTTTGTGAGGGTACCAACACTTAGTTCCTACTTCAAATGACATGCGGGAGAACTGGTTATAGGATTTTTTTTGTTTTTTTGTGTTTTAGAATTAGATTGAATTATAAAAAGAAGAACAAAAGGGTATCGTATTGAAAATAAATTGTCTCGCCAAACTGGTAACAATGTTTTCAGCTAGAACAATAAGAAAAGAAGAGAAGGTAAAAAAAAAGGTGATAACTCCGTAGGAATTGAGGAATTGAGTATGCAGAATCAGAATAAAGGCTGACTTTCAAAAAAAGGTTGTATTACAATTGCAGGTTTTCGATAAAAGAGACCCTATTCTCATCTACTACTGCTAAACTTCGAGATATTTTCGAATTTTTCAG-TCTTTTCTTTTTTTTTTTTCGCATTAGTTCAGAACCCTAAAGAATGGTAAACATTCTATGGATAACCCGGAGAGTGAGTTTCTTAAAGACCTAGTTTTATTTTAAGGGTTTTAACTCAATCTTGATGTTTTCATTGTGTACCCTAAAGAAAGTTTAAGAATAGCCCTAACTGTTACCTTTTGAAATAAAATAAGGGGAAGGTCAAAAAGCTATTGTTCTATTGTTATGAAACATTGTCTCAAAGAGTAAGAATAACACAAATTGATGGCAGTTTTTTACGTAGTCCAGTAGTTGTCCAGGTACAATGCAAAATGCTCAAATAAAGAGCTCTTCTAAAGGCAGCGGAATAGATGGTACAGATCGCAATAGCAAAGATGGTGTAGAAAAGAGACCCCTGGAAGATGTAAAGCAAATGATTGACGCTGGAACACCAGATGTTGGCCACAAATCTACTGTTGAAACTAAGCCAAACGTTGGATGGCAAGCCTCTCACAGTAATTTGGCTGCATTACACGAAAAAGAGCAGAAATATGAAATGGAGCACCATCATGCTCGTCATAAACTGCATCGTCAAGTTATTCCGGATTACACGTCTGCCTCGACCGCAATGTTCAGCGATTGTATGTTCAACGCAGCACCAGATAAAGTACGAAGTCTCAGTACGATGAAGTCTTCTGGACTCTCGCCAAAACACCCATTTAACGTAGTCGCCACCTTTAAAGGACCATTCCCGCAGCATAGTGTAGAATCAAAGCCTCTCGATGGTGGATACTCTGCCAAAGACCATTTTCCCTCATTTAAGATGTTGCAAGCCCAGCAGCACCCAGCCCATCGCCATTACAAAGACAACGACAAGTACGGTCTTAAATCACCTTCCCGGTCCTTCGTGAAGGACAAGAAAAGGTTGGTTCACCGGTTTTTGAAATCCATGGAGCCTTCTTCGTCTGGGCAATCTAAGGATTCGTCTGCACTGGCGCCGGCTTTCGATCCAATATTGCCCAATGTTATATCTAAGCCTTCCAAGCGACCCACACATCATTCGCATTCATCAGACGGGAGTTCTAGCACGCAGACAGATATATCGTTACAGAGCTTGCTTTACCATGATCTTGAAAGCTCACCAAAGAAACATGTTTCGCCCTCAAGACCGCCCTCTGTAGCTTCCGAATCCTCTCCTGCCGTTGCTAATCCCATTGGGCTTTCGCCAAAAGACGCCTGCAATGCATCGTTTTCGCAGTCGTCCTCATCTTCGTTGTCTTCTTCTTCATCGTCTTCATCATCGACGTCATTCTCACAGTX

